
> frontend@0.1.0 start
> craco start

[baseline-browser-mapping] The data in this module is over two months old.  To ensure accurate Baseline data, please update: `npm i baseline-browser-mapping@latest -D`
Something is already running on port 3000.
